// Jest Snapshot v1, https://goo.gl/fbAQLP

exports[`App.vue Created Default snapshot 1`] = `
<div id="app" class="app-container">
  <side-bar-stub></side-bar-stub>
  <main>
    <time-line-stub></time-line-stub>
    <div class="commit-diff-container">
      <commit-log-stub></commit-log-stub>
      <file-diff-stub></file-diff-stub>
    </div>
  </main>
</div>
`;
