// Jest Snapshot v1, https://goo.gl/fbAQLP

exports[`AppSettings.vue Created Default snapshot 1`] = `
<div class="app-settings">
  <button>
    Get Branches
  </button>
  <input type="text" style="width: 100%;">
  <div>
    <strong>App Loading</strong>: <pre></pre>
  </div>
  <div>
    <strong>App Error</strong>: <pre></pre>
  </div>
  <div>
    <strong>Repo Path</strong>: <pre></pre>
  </div>
  <div>
    <strong>Branches</strong>: <pre></pre>
  </div>
  <div>
    <label>
      <input type="checkbox">
      <strong>Use styled scrollbars</strong>
    </label>
    <!---->
  </div>
  <div>
    <strong>Pick Theme</strong>:
    <select></select>
  </div>
</div>
`;
